/home/latuuu/STM32CubeIDE/workspace_1.19.0/tdk_arm_microros/Core/Inc/Control_Lib/UART_servo/Inc/UART_servo.h:28:5:UART_servo::UART_servo(uint16_t, uint16_t, UART_HandleTypeDef*)	24	static
/home/latuuu/STM32CubeIDE/workspace_1.19.0/tdk_arm_microros/Core/Inc/Control_Lib/motor_ctrl/Inc/motor_ctrl.hpp:18:5:MotorController::MotorController(TIM_HandleTypeDef*, TIM_HandleTypeDef*, uint32_t, GPIO_TypeDef*, uint16_t, double, double, double)	48	static
../Core/Inc/Control_Lib/arm/Src/arm.cpp:32:6:void arm_init()	16	static
../Core/Inc/Control_Lib/arm/Src/arm.cpp:63:6:void arm_timer_callback()	8	static
../Core/Inc/Control_Lib/arm/Src/arm.cpp:78:6:void arm_cascade_set_to_zero(void*)	16	static
../Core/Inc/Control_Lib/arm/Src/arm.cpp:94:6:void HAL_GPIO_EXTI_Callback(uint16_t)	16	static
../Core/Inc/Control_Lib/arm/Src/arm.cpp:102:1:void __static_initialization_and_destruction_0()	16	static
../Core/Inc/Control_Lib/arm/Src/arm.cpp:102:1:cpp)	8	static
