../Core/Inc/uros/mission.cpp:14:6:void mission_init()	8	static
../Core/Inc/uros/mission.cpp:18:6:void mission_ctrl()	16	static
../Core/Inc/uros/mission.cpp:65:6:void mission_1(void*)	16	static
../Core/Inc/uros/mission.cpp:83:6:void mission_2(void*)	16	static
../Core/Inc/uros/mission.cpp:104:6:void mission_3(void*)	16	static
../Core/Inc/uros/mission.cpp:121:6:void mission_4(void*)	16	static
../Core/Inc/uros/mission.cpp:145:6:void mission_5(void*)	16	static
../Core/Inc/uros/mission.cpp:159:6:void mission_6(void*)	16	static
