../Core/Src/main.c:99:5:main	8	static
../Core/Src/main.c:187:6:SystemClock_Config	88	static
../Core/Src/main.c:229:13:MX_I2C1_Init	8	static
../Core/Src/main.c:263:13:MX_TIM1_Init	56	static
../Core/Src/main.c:313:13:MX_TIM4_Init	32	static
../Core/Src/main.c:358:13:MX_TIM5_Init	48	static
../Core/Src/main.c:411:13:MX_TIM12_Init	40	static
../Core/Src/main.c:457:13:MX_USART2_UART_Init	8	static
../Core/Src/main.c:490:13:MX_USART3_UART_Init	8	static
../Core/Src/main.c:521:13:MX_DMA_Init	16	static
../Core/Src/main.c:542:13:MX_GPIO_Init	48	static
../Core/Src/main.c:597:13:StartDefaultTask	16	static
../Core/Src/main.c:616:13:HAL_TIM_PeriodElapsedCallback	16	static
../Core/Src/main.c:634:6:Error_Handler	4	static,ignoring_inline_asm
