/home/latuuu/STM32CubeIDE/workspace_1.19.0/tdk_arm_microros/Core/Inc/Control_Lib/motor_ctrl/Inc/motor_ctrl.hpp:18:5:MotorController::MotorController(TIM_HandleTypeDef*, TIM_HandleTypeDef*, uint32_t, GPIO_TypeDef*, uint16_t, GPIO_TypeDef*, uint16_t, double, double, double)	48	static
../Core/Inc/Control_Lib/motor_ctrl/Src/motor_monitor.cpp:32:6:void motor_init()	4	static
../Core/Inc/Control_Lib/motor_ctrl/Src/motor_monitor.cpp:39:6:void motor_monitor()	4	static
../Core/Inc/Control_Lib/motor_ctrl/Src/motor_monitor.cpp:50:6:bool cascade_complete()	8	static
../Core/Inc/Control_Lib/motor_ctrl/Src/motor_monitor.cpp:54:6:void cascade_monitor(float)	16	static
../Core/Inc/Control_Lib/motor_ctrl/Src/motor_monitor.cpp:56:1:void __static_initialization_and_destruction_0()	24	static
../Core/Inc/Control_Lib/motor_ctrl/Src/motor_monitor.cpp:56:1:cpp)	8	static
