/opt/st/stm32cubeide_1.19.0/plugins/com.st.stm32cube.ide.mcu.externaltools.gnu-tools-for-stm32.13.3.rel1.linux64_1.0.0.202410170706/tools/arm-none-eabi/include/c++/13.3.1/cmath:234:3:constexpr float std::fabs(float)	16	static
../Core/Inc/Control_Lib/motor_ctrl/Src/motor_ctrl.cpp:8:6:void MotorController::init(int, int)	24	static
../Core/Inc/Control_Lib/motor_ctrl/Src/motor_ctrl.cpp:15:6:void MotorController::MotorOutput()	16	static
../Core/Inc/Control_Lib/motor_ctrl/Src/motor_ctrl.cpp:28:6:void MotorController::setSpeed(float)	16	static
../Core/Inc/Control_Lib/motor_ctrl/Src/motor_ctrl.cpp:32:7:float MotorController::getSpeed()	16	static
../Core/Inc/Control_Lib/motor_ctrl/Src/motor_ctrl.cpp:36:7:float MotorController::ComputePID()	32	static
../Core/Inc/Control_Lib/motor_ctrl/Src/motor_ctrl.cpp:68:7:float MotorController::updateSpeed()	24	static
../Core/Inc/Control_Lib/motor_ctrl/Src/motor_ctrl.cpp:77:6:void MotorController::setgoal(float)	16	static
../Core/Inc/Control_Lib/motor_ctrl/Src/motor_ctrl.cpp:86:6:bool MotorController::goal_reached()	16	static
